..\\.venv\Scripts\python.exe : Traceback 
(most recent call last):
At line:1 char:1
+ ..\\.venv\Scripts\python.exe 
test_redis.py > test_output.txt 2>&1; ty 
...
+ ~~~~~~~~~~~~~~~~~~~~~~~~~~~~~~~~~~~~~~~~~
~~~~~~~~~~~~~~~~~~~~~~~~
    + CategoryInfo          : NotSpecified 
   : (Traceback (most recent call last)::  
  String) [], RemoteException
    + FullyQualifiedErrorId : NativeComman 
   dError
 
  File "C:\Users\Surya Teja\Desktop\BondBox
\.venv\Lib\site-packages\redis\connection.p
y", line 855, in connect_check_health
    sock = self.retry.call_with_retry(
           ^^^^^^^^^^^^^^^^^^^^^^^^^^^
  File "C:\Users\Surya Teja\Desktop\BondBox
\.venv\Lib\site-packages\redis\retry.py", 
line 116, in call_with_retry
    return do()
           ^^^^
  File "C:\Users\Surya Teja\Desktop\BondBox
\.venv\Lib\site-packages\redis\connection.p
y", line 856, in <lambda>
    lambda: self._connect(), lambda error: 
self.disconnect(error)
            ^^^^^^^^^^^^^^^
  File "C:\Users\Surya Teja\Desktop\BondBox
\.venv\Lib\site-packages\redis\connection.p
y", line 1748, in _connect
    return self._wrap_socket_with_ssl(sock)
           ^^^^^^^^^^^^^^^^^^^^^^^^^^^^^^^^
  File "C:\Users\Surya Teja\Desktop\BondBox
\.venv\Lib\site-packages\redis\connection.p
y", line 1799, in _wrap_socket_with_ssl
    sslsock = context.wrap_socket(sock, 
server_hostname=self.host)
              ^^^^^^^^^^^^^^^^^^^^^^^^^^^^^
^^^^^^^^^^^^^^^^^^^^^^^
  File "C:\Users\Surya Teja\AppData\Local\P
rograms\Python\Python311\Lib\ssl.py", line 
517, in wrap_socket
    return self.sslsocket_class._create(
           ^^^^^^^^^^^^^^^^^^^^^^^^^^^^^
  File "C:\Users\Surya Teja\AppData\Local\P
rograms\Python\Python311\Lib\ssl.py", line 
1108, in _create
    self.do_handshake()
  File "C:\Users\Surya Teja\AppData\Local\P
rograms\Python\Python311\Lib\ssl.py", line 
1379, in do_handshake
    self._sslobj.do_handshake()
ConnectionResetError: [WinError 10054] An 
existing connection was forcibly closed by 
the remote host

During handling of the above exception, 
another exception occurred:

Traceback (most recent call last):
  File "C:\Users\Surya Teja\Desktop\BondBox
\backend\test_redis.py", line 12, in 
<module>
    result = r.ping()
             ^^^^^^^^
  File "C:\Users\Surya Teja\Desktop\BondBox
\.venv\Lib\site-packages\redis\commands\cor
e.py", line 1226, in ping
    return self.execute_command("PING", 
**kwargs)
           
^^^^^^^^^^^^^^^^^^^^^^^^^^^^^^^^^^^^^^
  File "C:\Users\Surya Teja\Desktop\BondBox
\.venv\Lib\site-packages\redis\client.py", 
line 657, in execute_command
    return self._execute_command(*args, 
**options)
           
^^^^^^^^^^^^^^^^^^^^^^^^^^^^^^^^^^^^^^^
  File "C:\Users\Surya Teja\Desktop\BondBox
\.venv\Lib\site-packages\redis\client.py", 
line 663, in _execute_command
    conn = self.connection or 
pool.get_connection()
                              
^^^^^^^^^^^^^^^^^^^^^
  File "C:\Users\Surya Teja\Desktop\BondBox
\.venv\Lib\site-packages\redis\utils.py", 
line 196, in wrapper
    return func(*args, **kwargs)
           ^^^^^^^^^^^^^^^^^^^^^
  File "C:\Users\Surya Teja\Desktop\BondBox
\.venv\Lib\site-packages\redis\connection.p
y", line 2603, in get_connection
    connection.connect()
  File "C:\Users\Surya Teja\Desktop\BondBox
\.venv\Lib\site-packages\redis\connection.p
y", line 846, in connect
    self.connect_check_health(check_health=
True)
  File "C:\Users\Surya Teja\Desktop\BondBox
\.venv\Lib\site-packages\redis\connection.p
y", line 863, in connect_check_health
    raise 
ConnectionError(self._error_message(e))
redis.exceptions.ConnectionError: Error 
10054 connecting to 
present-hyena-56392.upstash.io:6379. An 
existing connection was forcibly closed by 
the remote host.
redis-py version: 7.1.1
Python version: 3.11.5 (tags/v3.11.5:cce6ba9, Aug 24 2023, 14:38:34) [MSC v.1936 64 bit (AMD64)]
FAILED: Error 10054 connecting to present-hyena-56392.upstash.io:6379. An existing connection was forcibly closed by the remote host.
